// Jest Snapshot v1, https://goo.gl/fbAQLP

exports[`should render ExpenseList with empty expenses  1`] = `
<div>
  <p>
    No Expenses To show
  </p>
</div>
`;

exports[`should render ExpenseList with expenses  1`] = `
<div>
  <ExpenseListItem
    amount={200}
    createdAt={0}
    description="Coke"
    id="1"
    key="1"
    note="yummy"
  />
  <ExpenseListItem
    amount={700}
    createdAt={-604800000}
    description="Bamba"
    id="2"
    key="2"
    note="Osem"
  />
  <ExpenseListItem
    amount={3000}
    createdAt={604800000}
    description="fifa"
    id="3"
    key="3"
    note="ea"
  />
</div>
`;
