// Jest Snapshot v1, https://goo.gl/fbAQLP

exports[`should render notFoundPage 1`] = `
<div>
  <h1>
    not found!404 
  </h1>
  <[object Object]
    to="/"
  >
    Go Home
  </[object Object]>
</div>
`;
